// Jest Snapshot v1, https://goo.gl/fbAQLP

exports[`AreaCard should match the snapshot with all data passed in correctly 1`] = `
<div
  className="area-card"
>
  <img
    alt="Area"
    src="/testnickname.jpg"
  />
  <h2>
    test nickname
  </h2>
  <span>
    test longname
  </span>
  <p>
    test description
  </p>
  <Link
    to="/area/5/listings"
  >
    <button
      className="view-listings"
      onClick={[Function]}
      type="button"
    >
      View Listings
    </button>
  </Link>
</div>
`;
