// Jest Snapshot v1, https://goo.gl/fbAQLP

exports[`Header should match the snapshot with all data passed in correctly 1`] = `
<header>
  <img
    alt="Logo"
    src="/scoutGreen.png"
  />
  <h2>
    Welcome 
    Jeff
    !
  </h2>
  <div>
    <Link
      to="/favorites"
    >
      <button
        className="favorites"
        type="button"
      >
        Favorites (
        0
        )
      </button>
    </Link>
    <Link
      to="/"
    >
      <button
        className="logOut"
        onClick={[Function]}
        type="button"
      >
        Log out
      </button>
    </Link>
  </div>
</header>
`;
